// Jest Snapshot v1, https://goo.gl/fbAQLP

exports[`performDeviceSecretToken should return tokens 1`] = `"tokens"`;
