// Jest Snapshot v1, https://goo.gl/fbAQLP

exports[`requestLimitMiddleware should consider request clean 1`] = `undefined`;

exports[`requestLimitMiddleware should consider request rate limited 1`] = `
RequestLimit {
  "_backOffUntil": null,
  "_created": 2020-01-01T07:00:00.000Z,
  "_events": Array [],
  "_failedTries": 1,
  "_grantType": "pin_code",
  "_id": "be3a62d1-24a0-401c-96dd-3aff95356811",
  "_subject": "pin_code::subject@lindorm.io",
  "_updated": 2020-01-01T07:00:00.000Z,
  "_version": 0,
}
`;
