// Jest Snapshot v1, https://goo.gl/fbAQLP

exports[`KeyPairRepository should create 1`] = `
KeyPair {
  "_algorithm": "algorithm",
  "_allowed": true,
  "_created": 2020-01-01T07:00:00.000Z,
  "_events": Array [
    Object {
      "date": 2020-01-01T07:00:00.000Z,
      "name": "key_pair_created",
      "payload": Object {
        "algorithm": "algorithm",
        "allowed": true,
        "expires": 2020-01-01T07:00:00.000Z,
        "passphrase": "passphrase",
        "privateKey": "privateKey",
        "publicKey": "publicKey",
        "type": "type",
      },
    },
  ],
  "_expires": 2020-01-01T07:00:00.000Z,
  "_id": "be3a62d1-24a0-401c-96dd-3aff95356811",
  "_passphrase": "passphrase",
  "_privateKey": "privateKey",
  "_publicKey": "publicKey",
  "_type": "type",
  "_updated": 2020-01-01T07:00:00.000Z,
  "_version": 0,
}
`;

exports[`KeyPairRepository should find 1`] = `
KeyPair {
  "_algorithm": "algorithm",
  "_allowed": true,
  "_created": 2020-01-01T07:00:00.000Z,
  "_events": Array [
    Object {
      "date": 2020-01-01T07:00:00.000Z,
      "name": "key_pair_created",
      "payload": Object {
        "algorithm": "algorithm",
        "allowed": true,
        "expires": 2020-01-01T07:00:00.000Z,
        "passphrase": "passphrase",
        "privateKey": "privateKey",
        "publicKey": "publicKey",
        "type": "type",
      },
    },
  ],
  "_expires": 2020-01-01T07:00:00.000Z,
  "_id": "be3a62d1-24a0-401c-96dd-3aff95356811",
  "_passphrase": "passphrase",
  "_privateKey": "privateKey",
  "_publicKey": "publicKey",
  "_type": "type",
  "_updated": 2020-01-01T07:00:00.000Z,
  "_version": 0,
}
`;

exports[`KeyPairRepository should find many 1`] = `
Array [
  KeyPair {
    "_algorithm": "algorithm",
    "_allowed": true,
    "_created": 2020-01-01T07:00:00.000Z,
    "_events": Array [
      Object {
        "date": 2020-01-01T07:00:00.000Z,
        "name": "key_pair_created",
        "payload": Object {
          "algorithm": "algorithm",
          "allowed": true,
          "expires": 2020-01-01T07:00:00.000Z,
          "passphrase": "passphrase",
          "privateKey": "privateKey",
          "publicKey": "publicKey",
          "type": "type",
        },
      },
    ],
    "_expires": 2020-01-01T07:00:00.000Z,
    "_id": "be3a62d1-24a0-401c-96dd-3aff95356811",
    "_passphrase": "passphrase",
    "_privateKey": "privateKey",
    "_publicKey": "publicKey",
    "_type": "type",
    "_updated": 2020-01-01T07:00:00.000Z,
    "_version": 0,
  },
  KeyPair {
    "_algorithm": "other",
    "_allowed": true,
    "_created": 2020-01-01T07:00:00.000Z,
    "_events": Array [
      Object {
        "date": 2020-01-01T07:00:00.000Z,
        "name": "key_pair_created",
        "payload": Object {
          "algorithm": "other",
          "allowed": true,
          "expires": null,
          "passphrase": null,
          "privateKey": "privateKey",
          "publicKey": "publicKey",
          "type": "type",
        },
      },
    ],
    "_expires": null,
    "_id": "be3a62d1-24a0-401c-96dd-3aff95356811",
    "_passphrase": null,
    "_privateKey": "privateKey",
    "_publicKey": "publicKey",
    "_type": "type",
    "_updated": 2020-01-01T07:00:00.000Z,
    "_version": 0,
  },
]
`;

exports[`KeyPairRepository should update 1`] = `
KeyPair {
  "_algorithm": "algorithm",
  "_allowed": true,
  "_created": 2020-01-01T07:00:00.000Z,
  "_events": Array [
    Object {
      "date": 2020-01-01T07:00:00.000Z,
      "name": "key_pair_created",
      "payload": Object {
        "algorithm": "algorithm",
        "allowed": true,
        "expires": 2020-01-01T07:00:00.000Z,
        "passphrase": "passphrase",
        "privateKey": "privateKey",
        "publicKey": "publicKey",
        "type": "type",
      },
    },
  ],
  "_expires": 2020-01-01T07:00:00.000Z,
  "_id": "be3a62d1-24a0-401c-96dd-3aff95356811",
  "_passphrase": "passphrase",
  "_privateKey": "privateKey",
  "_publicKey": "publicKey",
  "_type": "type",
  "_updated": 2020-01-01T07:00:00.000Z,
  "_version": 1,
}
`;
