// Jest Snapshot v1, https://goo.gl/fbAQLP

exports[`createClient should create client 1`] = `
Object {
  "Client::be3a62d1-24a0-401c-96dd-3aff95356811": Object {
    "blob": "{\\"json\\":{\\"id\\":\\"be3a62d1-24a0-401c-96dd-3aff95356811\\",\\"version\\":\\"0\\",\\"created\\":\\"2020-01-01T07:00:00.000Z\\",\\"updated\\":\\"2020-01-01T07:00:00.000Z\\",\\"events\\":[{\\"name\\":\\"client_created\\",\\"payload\\":{\\"approved\\":\\"false\\",\\"description\\":\\"description\\",\\"extra\\":{\\"emailAuthorizationUri\\":\\"https://lindorm.io/\\"},\\"name\\":\\"name\\",\\"secret\\":{\\"signature\\":\\"NDVDNDA5Q0VDMzg1NEUzRTk0NTAwQTU1ODY1MzcwRjUyNTZBRDg3MkVEOEE0NkZGODg2M0FEODdEQjMzNEVGOA==\\",\\"updated\\":\\"2020-01-01T07:00:00.000Z\\"},\\"created\\":\\"2020-01-01T07:00:00.000Z\\",\\"updated\\":\\"2020-01-01T07:00:00.000Z\\"},\\"date\\":\\"2020-01-01T07:00:00.000Z\\"}],\\"approved\\":\\"false\\",\\"description\\":\\"description\\",\\"extra\\":{\\"emailAuthorizationUri\\":\\"https://lindorm.io/\\"},\\"name\\":\\"name\\",\\"secret\\":{\\"signature\\":\\"NDVDNDA5Q0VDMzg1NEUzRTk0NTAwQTU1ODY1MzcwRjUyNTZBRDg3MkVEOEE0NkZGODg2M0FEODdEQjMzNEVGOA==\\",\\"updated\\":\\"2020-01-01T07:00:00.000Z\\"}},\\"meta\\":{\\"id\\":\\"string\\",\\"version\\":\\"number\\",\\"created\\":\\"date\\",\\"updated\\":\\"date\\",\\"events\\":[{\\"name\\":\\"string\\",\\"payload\\":{\\"approved\\":\\"boolean\\",\\"description\\":\\"string\\",\\"extra\\":{\\"emailAuthorizationUri\\":\\"string\\"},\\"name\\":\\"string\\",\\"secret\\":{\\"signature\\":\\"string\\",\\"updated\\":\\"date\\"},\\"created\\":\\"date\\",\\"updated\\":\\"date\\"},\\"date\\":\\"date\\"}],\\"approved\\":\\"boolean\\",\\"description\\":\\"string\\",\\"extra\\":{\\"emailAuthorizationUri\\":\\"string\\"},\\"name\\":\\"string\\",\\"secret\\":{\\"signature\\":\\"string\\",\\"updated\\":\\"date\\"}}}",
    "expiresInSeconds": null,
  },
}
`;

exports[`createClient should create client 2`] = `
Object {
  "authentication": Object {
    "client": Object {
      "data": Array [
        Object {
          "approved": false,
          "created": 2020-01-01T07:00:00.000Z,
          "description": "description",
          "events": Array [
            Object {
              "date": 2020-01-01T07:00:00.000Z,
              "name": "client_created",
              "payload": Object {
                "approved": false,
                "created": 2020-01-01T07:00:00.000Z,
                "description": "description",
                "extra": Object {
                  "emailAuthorizationUri": "https://lindorm.io/",
                },
                "name": "name",
                "secret": Object {
                  "signature": "NDVDNDA5Q0VDMzg1NEUzRTk0NTAwQTU1ODY1MzcwRjUyNTZBRDg3MkVEOEE0NkZGODg2M0FEODdEQjMzNEVGOA==",
                  "updated": 2020-01-01T07:00:00.000Z,
                },
                "updated": 2020-01-01T07:00:00.000Z,
              },
            },
          ],
          "extra": Object {
            "emailAuthorizationUri": "https://lindorm.io/",
          },
          "id": "be3a62d1-24a0-401c-96dd-3aff95356811",
          "name": "name",
          "secret": Object {
            "signature": "NDVDNDA5Q0VDMzg1NEUzRTk0NTAwQTU1ODY1MzcwRjUyNTZBRDg3MkVEOEE0NkZGODg2M0FEODdEQjMzNEVGOA==",
            "updated": 2020-01-01T07:00:00.000Z,
          },
          "updated": 2020-01-01T07:00:00.000Z,
          "version": 0,
        },
      ],
      "indices": Array [
        Object {
          "index": Object {
            "id": 1,
          },
          "options": Object {
            "unique": true,
          },
        },
      ],
    },
  },
}
`;
