// Jest Snapshot v1, https://goo.gl/fbAQLP

exports[`performEmailLinkInit should create a new session 1`] = `
Object {
  "expires": "expires",
  "expiresIn": "expiresIn",
  "state": "1bVcJqZ1pBeqVLxV",
}
`;
