// Jest Snapshot v1, https://goo.gl/fbAQLP

exports[`addAccountOTP should update account otp 1`] = `
Object {
  "uri": "uri",
}
`;
