// Jest Snapshot v1, https://goo.gl/fbAQLP

exports[`performDevicePINToken should return tokens 1`] = `"tokens"`;
