// Jest Snapshot v1, https://goo.gl/fbAQLP

exports[`logoutWithToken should log out 1`] = `
Object {
  "authentication": Object {
    "session": Object {
      "data": Array [],
      "indices": Array [
        Object {
          "index": Object {
            "id": 1,
          },
          "options": Object {
            "unique": true,
          },
        },
      ],
    },
  },
}
`;
