// Jest Snapshot v1, https://goo.gl/fbAQLP

exports[`performEmailOTPToken should return tokens 1`] = `"tokens"`;
