// Jest Snapshot v1, https://goo.gl/fbAQLP

exports[`getAccessToken should return an access token 1`] = `
Object {
  "expires": 1577862120,
  "expiresIn": 120,
  "id": "be3a62d1-24a0-401c-96dd-3aff95356811",
  "level": undefined,
  "token": Object {
    "amr": "authMethodsReference",
    "aud": "access",
    "cid": "be3a62d1-24a0-401c-96dd-3aff95356811",
    "did": "deviceId",
    "exp": 1577862120,
    "iam": "user",
    "iat": 1577862000,
    "iss": "https://test.authentication.lindorm.io",
    "jti": "be3a62d1-24a0-401c-96dd-3aff95356811",
    "nbf": 1577862000,
    "sco": "scope",
    "sub": "be3a62d1-24a0-401c-96dd-3aff95356811",
  },
}
`;
