// Jest Snapshot v1, https://goo.gl/fbAQLP

exports[`getRefreshToken should return a refresh token 1`] = `
Object {
  "expires": 4070908800,
  "expiresIn": 2493046800,
  "id": "be3a62d1-24a0-401c-96dd-3aff95356811",
  "level": undefined,
  "token": Object {
    "amr": "authMethodsReference",
    "aud": "refresh",
    "cid": "9ba5e0c5-f2aa-4706-a27d-66369b547b0b",
    "did": "deviceId",
    "exp": 4070908800,
    "iam": "user",
    "iat": 1577862000,
    "iss": "https://test.authentication.lindorm.io",
    "jti": "be3a62d1-24a0-401c-96dd-3aff95356811",
    "nbf": 1577862000,
    "sco": "scope",
    "sub": "be3a62d1-24a0-401c-96dd-3aff95356811",
  },
}
`;
