// Jest Snapshot v1, https://goo.gl/fbAQLP

exports[`verifyToken should verify token 1`] = `
Object {
  "authContextClass": null,
  "authMethodsReference": null,
  "clientId": "9ba5e0c5-f2aa-4706-a27d-66369b547b0b",
  "deviceId": null,
  "id": "be3a62d1-24a0-401c-96dd-3aff95356811",
  "level": 0,
  "payload": Object {},
  "permission": null,
  "scope": null,
  "subject": "subject",
}
`;

exports[`verifyToken should verify token without client 1`] = `
Object {
  "authContextClass": null,
  "authMethodsReference": null,
  "clientId": "9ba5e0c5-f2aa-4706-a27d-66369b547b0b",
  "deviceId": null,
  "id": "be3a62d1-24a0-401c-96dd-3aff95356811",
  "level": 0,
  "payload": Object {},
  "permission": null,
  "scope": null,
  "subject": "subject",
}
`;
