// Jest Snapshot v1, https://goo.gl/fbAQLP

exports[`getExpiryDate should return a modified date for authorization token 1`] = `2020-01-01T07:45:00.000Z`;

exports[`getExpiryDate should return a modified date for refresh token 1`] = `2020-01-02T07:00:00.000Z`;
